// Jest Snapshot v1, https://goo.gl/fbAQLP

exports[`# Progress Component render <Progres /> 1`] = `
<div
  className="u-progress"
>
  <div
    className="u-progress__bar"
  >
    <div
      className="u-progress-status"
    >
      50%
    </div>
  </div>
  <div
    className="u-progress__label"
  >
    label
  </div>
</div>
`;
